// Jest Snapshot v1, https://goo.gl/fbAQLP

exports[`when the path doesn't match should append it to policies 1`] = `
Array [
  Object {
    "directives": Object {
      "default-src": Array [
        "https://default-foo-base.com",
      ],
      "img-src": Array [
        "https://img-foo-base.com",
      ],
    },
    "pattern": "^foo$",
  },
  Object {
    "directives": Object {
      "default-src": Array [
        "https://default-bar-base.com",
      ],
      "img-src": Array [
        "https://img-bar-base.com",
      ],
    },
    "pattern": "^bar$",
  },
  Object {
    "directives": Object {
      "default-src": Array [
        "https://added.com",
      ],
    },
    "pattern": "^other$",
  },
]
`;
